// Jest Snapshot v1, https://goo.gl/fbAQLP

exports[`Test title ABC Bank 1`] = `
<div
  class="MuiTypography-root MuiTypography-h4 css-1yb0leh-MuiTypography-root"
>
  BANK ABC
   
</div>
`;
